#! /usr/bin/vvp
:ivl_version "11.0 (stable)";
:ivl_delay_selection "TYPICAL";
:vpi_time_precision + 0;
:vpi_module "/usr/lib/x86_64-linux-gnu/ivl/system.vpi";
:vpi_module "/usr/lib/x86_64-linux-gnu/ivl/vhdl_sys.vpi";
:vpi_module "/usr/lib/x86_64-linux-gnu/ivl/vhdl_textio.vpi";
:vpi_module "/usr/lib/x86_64-linux-gnu/ivl/v2005_math.vpi";
:vpi_module "/usr/lib/x86_64-linux-gnu/ivl/va_math.vpi";
:vpi_module "/usr/lib/x86_64-linux-gnu/ivl/v2009.vpi";
S_0x63d8bc0a3df0 .scope package, "$unit" "$unit" 2 1;
 .timescale 0 0;
S_0x63d8bc0a3fa0 .scope module, "seq_done_retry" "seq_done_retry" 3 1;
 .timescale 0 0;
    .port_info 0 /INPUT 1 "i_clk";
    .port_info 1 /INPUT 1 "i_rst_n";
    .port_info 2 /OUTPUT 1 "o_done";
o0x7db09cb87018 .functor BUFZ 1, C4<z>; HiZ drive
v0x63d8bc0b61c0_0 .net "i_clk", 0 0, o0x7db09cb87018;  0 drivers
o0x7db09cb87048 .functor BUFZ 1, C4<z>; HiZ drive
v0x63d8bc0b5f60_0 .net "i_rst_n", 0 0, o0x7db09cb87048;  0 drivers
v0x63d8bc0ea7e0_0 .var "o_done", 0 0;
E_0x63d8bc0a4310/0 .event negedge, v0x63d8bc0b5f60_0;
E_0x63d8bc0a4310/1 .event posedge, v0x63d8bc0b61c0_0;
E_0x63d8bc0a4310 .event/or E_0x63d8bc0a4310/0, E_0x63d8bc0a4310/1;
    .scope S_0x63d8bc0a3fa0;
T_0 ;
    %wait E_0x63d8bc0a4310;
    %load/vec4 v0x63d8bc0b5f60_0;
    %nor/r;
    %flag_set/vec4 8;
    %jmp/0xz  T_0.0, 8;
    %pushi/vec4 0, 0, 1;
    %assign/vec4 v0x63d8bc0ea7e0_0, 0;
    %jmp T_0.1;
T_0.0 ;
    %pushi/vec4 1, 0, 1;
    %assign/vec4 v0x63d8bc0ea7e0_0, 0;
T_0.1 ;
    %jmp T_0;
    .thread T_0;
# The file index is used to find the file name in the following table.
:file_names 4;
    "N/A";
    "<interactive>";
    "-";
    "/app/shared_workspace/TASK_20260429T022409Z_faeea5c9/rtl/seq_done_retry.v";
