#! /usr/bin/vvp
:ivl_version "11.0 (stable)";
:ivl_delay_selection "TYPICAL";
:vpi_time_precision + 0;
:vpi_module "/usr/lib/x86_64-linux-gnu/ivl/system.vpi";
:vpi_module "/usr/lib/x86_64-linux-gnu/ivl/vhdl_sys.vpi";
:vpi_module "/usr/lib/x86_64-linux-gnu/ivl/vhdl_textio.vpi";
:vpi_module "/usr/lib/x86_64-linux-gnu/ivl/v2005_math.vpi";
:vpi_module "/usr/lib/x86_64-linux-gnu/ivl/va_math.vpi";
:vpi_module "/usr/lib/x86_64-linux-gnu/ivl/v2009.vpi";
S_0x6126db775dc0 .scope package, "$unit" "$unit" 2 1;
 .timescale 0 0;
S_0x6126db775f50 .scope module, "seq_done_real_llm_trace" "seq_done_real_llm_trace" 3 1;
 .timescale 0 0;
    .port_info 0 /INPUT 1 "i_clk";
    .port_info 1 /INPUT 1 "i_rst_n";
    .port_info 2 /OUTPUT 1 "o_done";
L_0x6126db7bd8a0 .functor BUFZ 1, v0x6126db787f60_0, C4<0>, C4<0>, C4<0>;
v0x6126db787f60_0 .var "done_reg", 0 0;
o0x767b4720e048 .functor BUFZ 1, C4<z>; HiZ drive
v0x6126db7bd600_0 .net "i_clk", 0 0, o0x767b4720e048;  0 drivers
o0x767b4720e078 .functor BUFZ 1, C4<z>; HiZ drive
v0x6126db7bd6c0_0 .net "i_rst_n", 0 0, o0x767b4720e078;  0 drivers
v0x6126db7bd760_0 .net "o_done", 0 0, L_0x6126db7bd8a0;  1 drivers
E_0x6126db776310/0 .event negedge, v0x6126db7bd6c0_0;
E_0x6126db776310/1 .event posedge, v0x6126db7bd600_0;
E_0x6126db776310 .event/or E_0x6126db776310/0, E_0x6126db776310/1;
    .scope S_0x6126db775f50;
T_0 ;
    %wait E_0x6126db776310;
    %load/vec4 v0x6126db7bd6c0_0;
    %nor/r;
    %flag_set/vec4 8;
    %jmp/0xz  T_0.0, 8;
    %pushi/vec4 0, 0, 1;
    %assign/vec4 v0x6126db787f60_0, 0;
    %jmp T_0.1;
T_0.0 ;
    %pushi/vec4 1, 0, 1;
    %assign/vec4 v0x6126db787f60_0, 0;
T_0.1 ;
    %jmp T_0;
    .thread T_0;
# The file index is used to find the file name in the following table.
:file_names 4;
    "N/A";
    "<interactive>";
    "-";
    "/app/shared_workspace/TASK_20260429T035458Z_abf73fbe/rtl/seq_done_real_llm_trace.v";
