#! /usr/bin/vvp
:ivl_version "11.0 (stable)";
:ivl_delay_selection "TYPICAL";
:vpi_time_precision + 0;
:vpi_module "/usr/lib/x86_64-linux-gnu/ivl/system.vpi";
:vpi_module "/usr/lib/x86_64-linux-gnu/ivl/vhdl_sys.vpi";
:vpi_module "/usr/lib/x86_64-linux-gnu/ivl/vhdl_textio.vpi";
:vpi_module "/usr/lib/x86_64-linux-gnu/ivl/v2005_math.vpi";
:vpi_module "/usr/lib/x86_64-linux-gnu/ivl/va_math.vpi";
:vpi_module "/usr/lib/x86_64-linux-gnu/ivl/v2009.vpi";
S_0x5af742035dc0 .scope package, "$unit" "$unit" 2 1;
 .timescale 0 0;
S_0x5af742035f90 .scope module, "verify_only_demo" "verify_only_demo" 3 1;
 .timescale 0 0;
    .port_info 0 /INPUT 1 "i_clk";
    .port_info 1 /INPUT 1 "i_rst_n";
    .port_info 2 /INPUT 8 "i_data";
    .port_info 3 /OUTPUT 1 "o_done";
o0x7f6b8b6b2018 .functor BUFZ 1, C4<z>; HiZ drive
v0x5af7420481c0_0 .net "i_clk", 0 0, o0x7f6b8b6b2018;  0 drivers
o0x7f6b8b6b2048 .functor BUFZ 8, C4<zzzzzzzz>; HiZ drive
v0x5af742047f60_0 .net "i_data", 7 0, o0x7f6b8b6b2048;  0 drivers
o0x7f6b8b6b2078 .functor BUFZ 1, C4<z>; HiZ drive
v0x5af74207d6d0_0 .net "i_rst_n", 0 0, o0x7f6b8b6b2078;  0 drivers
v0x5af74207d7a0_0 .var "o_done", 0 0;
E_0x5af742036350/0 .event negedge, v0x5af74207d6d0_0;
E_0x5af742036350/1 .event posedge, v0x5af7420481c0_0;
E_0x5af742036350 .event/or E_0x5af742036350/0, E_0x5af742036350/1;
    .scope S_0x5af742035f90;
T_0 ;
    %wait E_0x5af742036350;
    %load/vec4 v0x5af74207d6d0_0;
    %nor/r;
    %flag_set/vec4 8;
    %jmp/0xz  T_0.0, 8;
    %pushi/vec4 0, 0, 1;
    %assign/vec4 v0x5af74207d7a0_0, 0;
    %jmp T_0.1;
T_0.0 ;
    %load/vec4 v0x5af742047f60_0;
    %or/r;
    %assign/vec4 v0x5af74207d7a0_0, 0;
T_0.1 ;
    %jmp T_0;
    .thread T_0;
# The file index is used to find the file name in the following table.
:file_names 4;
    "N/A";
    "<interactive>";
    "-";
    "/app/shared_workspace/TASK_VERIFY_ONLY_PASS/rtl/verify_only_demo.v";
